// Jest Snapshot v1, https://goo.gl/fbAQLP

exports[`<Coupon/> Should render properly 1`] = `
<View
  style={
    Object {
      "backgroundColor": "#fff",
      "borderRadius": 20,
      "elevation": 10,
      "flex": 1,
      "flexDirection": "row",
      "margin": 15,
      "padding": 10,
      "paddingBottom": 15,
      "shadowColor": "#000",
      "shadowOffset": Object {
        "height": 5,
        "width": 0,
      },
      "shadowOpacity": 0.34,
      "shadowRadius": 6.27,
    }
  }
>
  <View
    style={
      Object {
        "alignItems": "center",
        "flex": 1,
      }
    }
  >
    <Text
      style={
        Object {
          "fontSize": 30,
          "fontWeight": "bold",
          "marginVertical": 15,
        }
      }
    >
      20
      %
    </Text>
  </View>
  <View
    style={
      Object {
        "alignItems": "center",
        "flex": 2,
        "height": "100%",
        "justifyContent": "space-between",
        "marginTop": 7,
      }
    }
  >
    <Text
      style={
        Object {
          "fontSize": 20,
          "fontWeight": "bold",
        }
      }
    >
      Chaussures en promo
    </Text>
    <Text
      style={
        Object {
          "fontSize": 15,
        }
      }
    >
      expire le 
      10/03/2021
    </Text>
  </View>
</View>
`;
