// Jest Snapshot v1, https://goo.gl/fbAQLP

exports[`renders correctly 1`] = `
<View>
  <Text>
    L'application n'a pas access a la camera
  </Text>
</View>
`;
